../source/r01lib/io.cpp:437:1:DigitalInOut::~DigitalInOut()	8	static
../source/r01lib/io.cpp:516:1:DigitalOut::~DigitalOut()	8	static
../source/r01lib/io.cpp:523:1:DigitalIn::~DigitalIn()	8	static
../source/r01lib/io.cpp:437:1:virtual DigitalInOut::~DigitalInOut()	8	static
../source/r01lib/io.cpp:516:1:virtual DigitalOut::~DigitalOut()	8	static
../source/r01lib/io.cpp:523:1:virtual DigitalIn::~DigitalIn()	8	static
../source/r01lib/io.cpp:439:6:void DigitalInOut::value(bool)	4	static
../source/r01lib/io.cpp:450:6:bool DigitalInOut::value()	0	static
../source/r01lib/io.cpp:461:6:void DigitalInOut::output()	16	static
../source/r01lib/io.cpp:467:6:void DigitalInOut::input()	16	static
../source/r01lib/io.cpp:473:6:void DigitalInOut::direction(bool)	16	static
../source/r01lib/io.cpp:479:6:void DigitalInOut::pin_mux(int)	0	static
../source/r01lib/io.cpp:484:6:void DigitalInOut::mode(int)	4	static
../source/r01lib/io.cpp:419:1:DigitalInOut::DigitalInOut(uint8_t, bool, bool, int)	32	static
../source/r01lib/io.cpp:490:10:uint32_t DigitalInOut::mode()	0	static
../source/r01lib/io.cpp:495:15:DigitalInOut& DigitalInOut::operator=(bool)	4	static
../source/r01lib/io.cpp:501:15:DigitalInOut& DigitalInOut::operator=(DigitalInOut&)	0	static
../source/r01lib/io.cpp:506:1:DigitalInOut::operator bool()	0	static
../source/r01lib/io.cpp:511:1:DigitalOut::DigitalOut(uint8_t, bool, int)	16	static
../source/r01lib/io.cpp:518:1:DigitalIn::DigitalIn(uint8_t, int)	16	static
