../source/main.cpp:268:8:double triangle_w_space(double)	8	static
../source/main.cpp:77:6:void indivisual(int)	48	static
../source/main.cpp:100:6:void random2(int)	168	static
../source/main.cpp:121:6:void random(int)	32	static
../source/main.cpp:134:6:void blink(int)	48	static
../source/main.cpp:145:6:void dim()	40	static
../source/main.cpp:156:6:void green_and_red2(int)	48	static
../source/main.cpp:189:6:void green_and_red(int)	48	static
../source/main.cpp:223:6:void colors_and_while(int, double (*)(double))	120	static
../source/main.cpp:261:6:void all(double)	16	static
../source/main.cpp:292:1:cpp)	8	static
../source/main.cpp:59:5:int main()	24	static
