../drivers/fsl_clock.h:1511:22:CLOCK_IsPLL0Locked	4	static
../drivers/fsl_clock.h:1519:22:CLOCK_IsPLL1Locked	4	static
../drivers/fsl_clock.c:143:10:CLOCK_SetupFROHFClocking	16	static
../drivers/fsl_clock.c:177:10:CLOCK_SetupExtClocking	24	static
../drivers/fsl_clock.c:244:10:CLOCK_SetupExtRefClocking	24	static
../drivers/fsl_clock.c:314:10:CLOCK_SetupOsc32KClocking	16	static
../drivers/fsl_clock.c:356:10:CLOCK_SetupClk16KClocking	16	static
../drivers/fsl_clock.c:374:10:CLOCK_FROHFTrimConfig	16	static
../drivers/fsl_clock.c:399:10:CLOCK_FRO12MTrimConfig	16	static
../drivers/fsl_clock.c:428:6:CLOCK_SetSysOscMonitorMode	24	static
../drivers/fsl_clock.c:447:6:CLOCK_SetRoscMonitorMode	24	static
../drivers/fsl_clock.c:466:6:CLOCK_SetUpllMonitorMode	24	static
../drivers/fsl_clock.c:485:6:CLOCK_SetPll0MonitorMode	24	static
../drivers/fsl_clock.c:504:6:CLOCK_SetPll1MonitorMode	24	static
../drivers/fsl_clock.c:522:10:CLOCK_SetFLASHAccessCyclesForFreq	24	static
../drivers/fsl_clock.c:604:6:VBAT_SetOscConfig	24	static
../drivers/fsl_clock.c:649:6:CLOCK_AttachClk	40	static
../drivers/fsl_clock.c:698:19:CLOCK_GetClockAttachId	48	static
../drivers/fsl_clock.c:747:6:CLOCK_SetClkDiv	24	static
../drivers/fsl_clock.c:771:10:CLOCK_GetClkDiv	24	static
../drivers/fsl_clock.c:796:6:CLOCK_HaltClkDiv	24	static
../drivers/fsl_clock.c:814:6:CLOCK_SetupClockCtrl	16	static
../drivers/fsl_clock.c:825:10:CLOCK_GetFreq	24	static
../drivers/fsl_clock.c:908:10:CLOCK_GetCTimerClkFreq	24	static
../drivers/fsl_clock.c:962:10:CLOCK_GetAdcClkFreq	24	static
../drivers/fsl_clock.c:1002:10:CLOCK_GetLPFlexCommClkFreq	24	static
../drivers/fsl_clock.c:1039:10:CLOCK_GetPll0OutFreq	32	static
../drivers/fsl_clock.c:1067:10:CLOCK_GetPll1OutFreq	32	static
../drivers/fsl_clock.c:1095:10:CLOCK_GetPllClkDivFreq	16	static
../drivers/fsl_clock.c:1122:10:CLOCK_GetExtUpllFreq	4	static
../drivers/fsl_clock.c:1136:6:CLOCK_SetExtUpllFreq	16	static
../drivers/fsl_clock.c:1145:10:CLOCK_GetI3cClkFreq	24	static
../drivers/fsl_clock.c:1181:10:CLOCK_GetMicfilClkFreq	16	static
../drivers/fsl_clock.c:1222:10:CLOCK_GetFlexioClkFreq	16	static
../drivers/fsl_clock.c:1257:10:CLOCK_GetFlexcanClkFreq	24	static
../drivers/fsl_clock.c:1293:10:CLOCK_GetEwm0ClkFreq	16	static
../drivers/fsl_clock.c:1317:10:CLOCK_GetWdtClkFreq	24	static
../drivers/fsl_clock.c:1358:10:CLOCK_GetOstimerClkFreq	16	static
../drivers/fsl_clock.c:1385:10:CLOCK_GetCmpFClkFreq	24	static
../drivers/fsl_clock.c:1424:10:CLOCK_GetCmpRRClkFreq	24	static
../drivers/fsl_clock.c:1463:10:CLOCK_GetUtickClkFreq	16	static
../drivers/fsl_clock.c:1490:10:CLOCK_GetSaiClkFreq	24	static
../drivers/fsl_clock.c:1526:6:CLOCK_SetupSaiMclk	16	static
../drivers/fsl_clock.c:1537:6:CLOCK_SetupSaiTxBclk	16	static
../drivers/fsl_clock.c:1548:6:CLOCK_SetupSaiRxBclk	16	static
../drivers/fsl_clock.c:1559:10:CLOCK_GetSaiMclkFreq	16	static
../drivers/fsl_clock.c:1568:10:CLOCK_GetSaiTxBclkFreq	16	static
../drivers/fsl_clock.c:1577:10:CLOCK_GetSaiRxBclkFreq	16	static
../drivers/fsl_clock.c:1586:10:CLOCK_GetPLL0InClockRate	16	static
../drivers/fsl_clock.c:1610:10:CLOCK_GetPLL1InClockRate	16	static
../drivers/fsl_clock.c:1638:10:CLOCK_GetPLLOutFromSetup	40	static
../drivers/fsl_clock.c:1666:13:CLOCK_SetupPLLData	24	static
../drivers/fsl_clock.c:1717:13:CLOCK_SetPLL0Freq	40	static
../drivers/fsl_clock.c:1775:13:CLOCK_SetPLL1Freq	40	static
../drivers/fsl_clock.c:1825:6:CLOCK_EnableOstimer32kClock	4	static
../drivers/fsl_clock.c:1834:17:CLOCK_GetFro12MFreq	4	static
../drivers/fsl_clock.c:1843:17:CLOCK_GetClk1MFreq	4	static
../drivers/fsl_clock.c:1852:17:CLOCK_GetFroHfFreq	16	static
../drivers/fsl_clock.c:1876:17:CLOCK_GetClk48MFreq	4	static
../drivers/fsl_clock.c:1885:17:CLOCK_GetClk144MFreq	4	static
../drivers/fsl_clock.c:1894:17:CLOCK_GetClk16KFreq	16	static
../drivers/fsl_clock.c:1905:17:CLOCK_GetExtClkFreq	4	static
../drivers/fsl_clock.c:1914:17:CLOCK_GetOsc32KFreq	16	static
../drivers/fsl_clock.c:1925:10:CLOCK_GetCoreSysClkFreq	16	static
../drivers/fsl_clock.c:1964:17:CLOCK_GetSystickClkFreq	24	static
../drivers/fsl_clock.c:1991:17:CLOCK_GetClockOutClkFreq	16	static
../drivers/fsl_clock.c:2032:17:CLOCK_GetLposcFreq	16	static
../drivers/fsl_clock.c:2053:13:pllFindSel	32	static
../drivers/fsl_clock.c:2097:17:findPll0PreDiv	16	static
../drivers/fsl_clock.c:2114:17:findPll1PreDiv	16	static
../drivers/fsl_clock.c:2131:17:findPll0PostDiv	16	static
../drivers/fsl_clock.c:2155:17:findPll1PostDiv	16	static
../drivers/fsl_clock.c:2179:14:findPll0MMult	24	static
../drivers/fsl_clock.c:2205:14:findPll1MMult	24	static
../drivers/fsl_clock.c:2231:17:FindGreatestCommonDivisor	24	static
../drivers/fsl_clock.c:2257:20:CLOCK_GetPllConfig	32	static
../drivers/fsl_clock.c:2312:20:CLOCK_GetPllConfigInternal	128	static
../drivers/fsl_clock.c:2469:17:CLOCK_GetPLLInClockRateFromSetup	24	static
../drivers/fsl_clock.c:2493:17:findPllPreDivFromSetup	24	static
../drivers/fsl_clock.c:2510:17:findPllPostDivFromSetup	24	static
../drivers/fsl_clock.c:2534:14:findPllMMultFromSetup	32	static
../drivers/fsl_clock.c:2568:6:CLOCK_EnableUsbhsPhyPllClock	24	static
../drivers/fsl_clock.c:2656:6:CLOCK_DisableUsbhsPhyPllClock	4	static
../drivers/fsl_clock.c:2665:6:CLOCK_EnableUsbhsClock	16	static
../drivers/fsl_clock.c:2680:10:CLOCK_FIRCAutoTrimWithSOF	16	static
