../startup/startup_mcxn236.cpp:731:14:void NMI_Handler()	0	static
../startup/startup_mcxn236.cpp:735:14:void HardFault_Handler()	0	static
../startup/startup_mcxn236.cpp:739:14:void MemManage_Handler()	0	static
../startup/startup_mcxn236.cpp:743:14:void BusFault_Handler()	0	static
../startup/startup_mcxn236.cpp:747:14:void UsageFault_Handler()	0	static
../startup/startup_mcxn236.cpp:751:14:void SecureFault_Handler()	0	static
../startup/startup_mcxn236.cpp:755:14:void SVC_Handler()	0	static
../startup/startup_mcxn236.cpp:759:14:void DebugMon_Handler()	0	static
../startup/startup_mcxn236.cpp:763:14:void PendSV_Handler()	0	static
../startup/startup_mcxn236.cpp:767:14:void SysTick_Handler()	0	static
../startup/startup_mcxn236.cpp:611:6:void data_init(unsigned int, unsigned int, unsigned int)	4	static
../startup/startup_mcxn236.cpp:620:6:void bss_init(unsigned int, unsigned int)	0	static
../startup/startup_mcxn236.cpp:645:6:void ResetISR()	0	static
../startup/startup_mcxn236.cpp:775:14:void IntDefaultHandler()	0	static
../startup/startup_mcxn236.cpp:785:11:void OR_IRQHandler()	8	static
../startup/startup_mcxn236.cpp:789:11:void EDMA_0_CH0_IRQHandler()	8	static
../startup/startup_mcxn236.cpp:793:11:void EDMA_0_CH1_IRQHandler()	8	static
../startup/startup_mcxn236.cpp:797:11:void EDMA_0_CH2_IRQHandler()	8	static
../startup/startup_mcxn236.cpp:801:11:void EDMA_0_CH3_IRQHandler()	8	static
../startup/startup_mcxn236.cpp:805:11:void EDMA_0_CH4_IRQHandler()	8	static
../startup/startup_mcxn236.cpp:809:11:void EDMA_0_CH5_IRQHandler()	8	static
../startup/startup_mcxn236.cpp:813:11:void EDMA_0_CH6_IRQHandler()	8	static
../startup/startup_mcxn236.cpp:817:11:void EDMA_0_CH7_IRQHandler()	8	static
../startup/startup_mcxn236.cpp:821:11:void EDMA_0_CH8_IRQHandler()	8	static
../startup/startup_mcxn236.cpp:825:11:void EDMA_0_CH9_IRQHandler()	8	static
../startup/startup_mcxn236.cpp:829:11:void EDMA_0_CH10_IRQHandler()	8	static
../startup/startup_mcxn236.cpp:833:11:void EDMA_0_CH11_IRQHandler()	8	static
../startup/startup_mcxn236.cpp:837:11:void EDMA_0_CH12_IRQHandler()	8	static
../startup/startup_mcxn236.cpp:841:11:void EDMA_0_CH13_IRQHandler()	8	static
../startup/startup_mcxn236.cpp:845:11:void EDMA_0_CH14_IRQHandler()	8	static
../startup/startup_mcxn236.cpp:849:11:void EDMA_0_CH15_IRQHandler()	8	static
../startup/startup_mcxn236.cpp:853:11:void GPIO00_IRQHandler()	8	static
../startup/startup_mcxn236.cpp:857:11:void GPIO01_IRQHandler()	8	static
../startup/startup_mcxn236.cpp:861:11:void GPIO10_IRQHandler()	8	static
../startup/startup_mcxn236.cpp:865:11:void GPIO11_IRQHandler()	8	static
../startup/startup_mcxn236.cpp:869:11:void GPIO20_IRQHandler()	8	static
../startup/startup_mcxn236.cpp:873:11:void GPIO21_IRQHandler()	8	static
../startup/startup_mcxn236.cpp:877:11:void GPIO30_IRQHandler()	8	static
../startup/startup_mcxn236.cpp:881:11:void GPIO31_IRQHandler()	8	static
../startup/startup_mcxn236.cpp:885:11:void GPIO40_IRQHandler()	8	static
../startup/startup_mcxn236.cpp:889:11:void GPIO41_IRQHandler()	8	static
../startup/startup_mcxn236.cpp:893:11:void GPIO50_IRQHandler()	8	static
../startup/startup_mcxn236.cpp:897:11:void GPIO51_IRQHandler()	8	static
../startup/startup_mcxn236.cpp:901:11:void UTICK0_IRQHandler()	8	static
../startup/startup_mcxn236.cpp:905:11:void MRT0_IRQHandler()	8	static
../startup/startup_mcxn236.cpp:909:11:void CTIMER0_IRQHandler()	8	static
../startup/startup_mcxn236.cpp:913:11:void CTIMER1_IRQHandler()	8	static
../startup/startup_mcxn236.cpp:917:11:void Reserved49_IRQHandler()	8	static
../startup/startup_mcxn236.cpp:921:11:void CTIMER2_IRQHandler()	8	static
../startup/startup_mcxn236.cpp:925:11:void LP_FLEXCOMM0_IRQHandler()	8	static
../startup/startup_mcxn236.cpp:929:11:void LP_FLEXCOMM1_IRQHandler()	8	static
../startup/startup_mcxn236.cpp:933:11:void LP_FLEXCOMM2_IRQHandler()	8	static
../startup/startup_mcxn236.cpp:937:11:void LP_FLEXCOMM3_IRQHandler()	8	static
../startup/startup_mcxn236.cpp:941:11:void LP_FLEXCOMM4_IRQHandler()	8	static
../startup/startup_mcxn236.cpp:945:11:void LP_FLEXCOMM5_IRQHandler()	8	static
../startup/startup_mcxn236.cpp:949:11:void LP_FLEXCOMM6_IRQHandler()	8	static
../startup/startup_mcxn236.cpp:953:11:void LP_FLEXCOMM7_IRQHandler()	8	static
../startup/startup_mcxn236.cpp:957:11:void Reserved59_IRQHandler()	8	static
../startup/startup_mcxn236.cpp:961:11:void Reserved60_IRQHandler()	8	static
../startup/startup_mcxn236.cpp:965:11:void ADC0_IRQHandler()	8	static
../startup/startup_mcxn236.cpp:969:11:void ADC1_IRQHandler()	8	static
../startup/startup_mcxn236.cpp:973:11:void PINT0_IRQHandler()	8	static
../startup/startup_mcxn236.cpp:977:11:void PDM_EVENT_IRQHandler()	8	static
../startup/startup_mcxn236.cpp:981:11:void Reserved65_IRQHandler()	8	static
../startup/startup_mcxn236.cpp:985:11:void Reserved66_IRQHandler()	8	static
../startup/startup_mcxn236.cpp:989:11:void USB0_DCD_IRQHandler()	8	static
../startup/startup_mcxn236.cpp:993:11:void RTC_IRQHandler()	8	static
../startup/startup_mcxn236.cpp:997:11:void SMARTDMA_IRQHandler()	8	static
../startup/startup_mcxn236.cpp:1001:11:void Reserved70_IRQHandler()	8	static
../startup/startup_mcxn236.cpp:1005:11:void CTIMER3_IRQHandler()	8	static
../startup/startup_mcxn236.cpp:1009:11:void CTIMER4_IRQHandler()	8	static
../startup/startup_mcxn236.cpp:1013:11:void OS_EVENT_IRQHandler()	8	static
../startup/startup_mcxn236.cpp:1017:11:void Reserved74_IRQHandler()	8	static
../startup/startup_mcxn236.cpp:1021:11:void SAI0_IRQHandler()	8	static
../startup/startup_mcxn236.cpp:1025:11:void SAI1_IRQHandler()	8	static
../startup/startup_mcxn236.cpp:1029:11:void Reserved77_IRQHandler()	8	static
../startup/startup_mcxn236.cpp:1033:11:void CAN0_IRQHandler()	8	static
../startup/startup_mcxn236.cpp:1037:11:void CAN1_IRQHandler()	8	static
../startup/startup_mcxn236.cpp:1041:11:void Reserved80_IRQHandler()	8	static
../startup/startup_mcxn236.cpp:1045:11:void Reserved81_IRQHandler()	8	static
../startup/startup_mcxn236.cpp:1049:11:void USB1_HS_PHY_IRQHandler()	8	static
../startup/startup_mcxn236.cpp:1053:11:void USB1_HS_IRQHandler()	8	static
../startup/startup_mcxn236.cpp:1057:11:void SEC_HYPERVISOR_CALL_IRQHandler()	8	static
../startup/startup_mcxn236.cpp:1061:11:void Reserved85_IRQHandler()	8	static
../startup/startup_mcxn236.cpp:1065:11:void Reserved86_IRQHandler()	8	static
../startup/startup_mcxn236.cpp:1069:11:void Freqme_IRQHandler()	8	static
../startup/startup_mcxn236.cpp:1073:11:void SEC_VIO_IRQHandler()	8	static
../startup/startup_mcxn236.cpp:1077:11:void ELS_IRQHandler()	8	static
../startup/startup_mcxn236.cpp:1081:11:void PKC_IRQHandler()	8	static
../startup/startup_mcxn236.cpp:1085:11:void PUF_IRQHandler()	8	static
../startup/startup_mcxn236.cpp:1089:11:void Reserved92_IRQHandler()	8	static
../startup/startup_mcxn236.cpp:1093:11:void EDMA_1_CH0_IRQHandler()	8	static
../startup/startup_mcxn236.cpp:1097:11:void EDMA_1_CH1_IRQHandler()	8	static
../startup/startup_mcxn236.cpp:1101:11:void EDMA_1_CH2_IRQHandler()	8	static
../startup/startup_mcxn236.cpp:1105:11:void EDMA_1_CH3_IRQHandler()	8	static
../startup/startup_mcxn236.cpp:1109:11:void EDMA_1_CH4_IRQHandler()	8	static
../startup/startup_mcxn236.cpp:1113:11:void EDMA_1_CH5_IRQHandler()	8	static
../startup/startup_mcxn236.cpp:1117:11:void EDMA_1_CH6_IRQHandler()	8	static
../startup/startup_mcxn236.cpp:1121:11:void EDMA_1_CH7_IRQHandler()	8	static
../startup/startup_mcxn236.cpp:1125:11:void Reserved101_IRQHandler()	8	static
../startup/startup_mcxn236.cpp:1129:11:void Reserved102_IRQHandler()	8	static
../startup/startup_mcxn236.cpp:1133:11:void Reserved103_IRQHandler()	8	static
../startup/startup_mcxn236.cpp:1137:11:void Reserved104_IRQHandler()	8	static
../startup/startup_mcxn236.cpp:1141:11:void Reserved105_IRQHandler()	8	static
../startup/startup_mcxn236.cpp:1145:11:void Reserved106_IRQHandler()	8	static
../startup/startup_mcxn236.cpp:1149:11:void Reserved107_IRQHandler()	8	static
../startup/startup_mcxn236.cpp:1153:11:void Reserved108_IRQHandler()	8	static
../startup/startup_mcxn236.cpp:1157:11:void CDOG0_IRQHandler()	8	static
../startup/startup_mcxn236.cpp:1161:11:void CDOG1_IRQHandler()	8	static
../startup/startup_mcxn236.cpp:1165:11:void I3C0_IRQHandler()	8	static
../startup/startup_mcxn236.cpp:1169:11:void I3C1_IRQHandler()	8	static
../startup/startup_mcxn236.cpp:1173:11:void Reserved113_IRQHandler()	8	static
../startup/startup_mcxn236.cpp:1177:11:void GDET_IRQHandler()	8	static
../startup/startup_mcxn236.cpp:1181:11:void VBAT0_IRQHandler()	8	static
../startup/startup_mcxn236.cpp:1185:11:void EWM0_IRQHandler()	8	static
../startup/startup_mcxn236.cpp:1189:11:void Reserved117_IRQHandler()	8	static
../startup/startup_mcxn236.cpp:1193:11:void Reserved118_IRQHandler()	8	static
../startup/startup_mcxn236.cpp:1197:11:void Reserved119_IRQHandler()	8	static
../startup/startup_mcxn236.cpp:1201:11:void Reserved120_IRQHandler()	8	static
../startup/startup_mcxn236.cpp:1205:11:void FLEXIO_IRQHandler()	8	static
../startup/startup_mcxn236.cpp:1209:11:void Reserved122_IRQHandler()	8	static
../startup/startup_mcxn236.cpp:1213:11:void Reserved123_IRQHandler()	8	static
../startup/startup_mcxn236.cpp:1217:11:void Reserved124_IRQHandler()	8	static
../startup/startup_mcxn236.cpp:1221:11:void HSCMP0_IRQHandler()	8	static
../startup/startup_mcxn236.cpp:1225:11:void HSCMP1_IRQHandler()	8	static
../startup/startup_mcxn236.cpp:1229:11:void Reserved127_IRQHandler()	8	static
../startup/startup_mcxn236.cpp:1233:11:void FLEXPWM0_RELOAD_ERROR_IRQHandler()	8	static
../startup/startup_mcxn236.cpp:1237:11:void FLEXPWM0_FAULT_IRQHandler()	8	static
../startup/startup_mcxn236.cpp:1241:11:void FLEXPWM0_SUBMODULE0_IRQHandler()	8	static
../startup/startup_mcxn236.cpp:1245:11:void FLEXPWM0_SUBMODULE1_IRQHandler()	8	static
../startup/startup_mcxn236.cpp:1249:11:void FLEXPWM0_SUBMODULE2_IRQHandler()	8	static
../startup/startup_mcxn236.cpp:1253:11:void FLEXPWM0_SUBMODULE3_IRQHandler()	8	static
../startup/startup_mcxn236.cpp:1257:11:void FLEXPWM1_RELOAD_ERROR_IRQHandler()	8	static
../startup/startup_mcxn236.cpp:1261:11:void FLEXPWM1_FAULT_IRQHandler()	8	static
../startup/startup_mcxn236.cpp:1265:11:void FLEXPWM1_SUBMODULE0_IRQHandler()	8	static
../startup/startup_mcxn236.cpp:1269:11:void FLEXPWM1_SUBMODULE1_IRQHandler()	8	static
../startup/startup_mcxn236.cpp:1273:11:void FLEXPWM1_SUBMODULE2_IRQHandler()	8	static
../startup/startup_mcxn236.cpp:1277:11:void FLEXPWM1_SUBMODULE3_IRQHandler()	8	static
../startup/startup_mcxn236.cpp:1281:11:void QDC0_COMPARE_IRQHandler()	8	static
../startup/startup_mcxn236.cpp:1285:11:void QDC0_HOME_IRQHandler()	8	static
../startup/startup_mcxn236.cpp:1289:11:void QDC0_WDG_SAB_IRQHandler()	8	static
../startup/startup_mcxn236.cpp:1293:11:void QDC0_IDX_IRQHandler()	8	static
../startup/startup_mcxn236.cpp:1297:11:void QDC1_COMPARE_IRQHandler()	8	static
../startup/startup_mcxn236.cpp:1301:11:void QDC1_HOME_IRQHandler()	8	static
../startup/startup_mcxn236.cpp:1305:11:void QDC1_WDG_SAB_IRQHandler()	8	static
../startup/startup_mcxn236.cpp:1309:11:void QDC1_IDX_IRQHandler()	8	static
../startup/startup_mcxn236.cpp:1313:11:void ITRC0_IRQHandler()	8	static
../startup/startup_mcxn236.cpp:1317:11:void Reserved149_IRQHandler()	8	static
../startup/startup_mcxn236.cpp:1321:11:void ELS_ERR_IRQHandler()	8	static
../startup/startup_mcxn236.cpp:1325:11:void PKC_ERR_IRQHandler()	8	static
../startup/startup_mcxn236.cpp:1329:11:void ERM_SINGLE_BIT_ERROR_IRQHandler()	8	static
../startup/startup_mcxn236.cpp:1333:11:void ERM_MULTI_BIT_ERROR_IRQHandler()	8	static
../startup/startup_mcxn236.cpp:1337:11:void FMU0_IRQHandler()	8	static
../startup/startup_mcxn236.cpp:1341:11:void Reserved155_IRQHandler()	8	static
../startup/startup_mcxn236.cpp:1345:11:void Reserved156_IRQHandler()	8	static
../startup/startup_mcxn236.cpp:1349:11:void Reserved157_IRQHandler()	8	static
../startup/startup_mcxn236.cpp:1353:11:void Reserved158_IRQHandler()	8	static
../startup/startup_mcxn236.cpp:1357:11:void LPTMR0_IRQHandler()	8	static
../startup/startup_mcxn236.cpp:1361:11:void LPTMR1_IRQHandler()	8	static
../startup/startup_mcxn236.cpp:1365:11:void SCG_IRQHandler()	8	static
../startup/startup_mcxn236.cpp:1369:11:void SPC_IRQHandler()	8	static
../startup/startup_mcxn236.cpp:1373:11:void WUU_IRQHandler()	8	static
../startup/startup_mcxn236.cpp:1377:11:void PORT_EFT_IRQHandler()	8	static
../startup/startup_mcxn236.cpp:1381:11:void Reserved165_IRQHandler()	8	static
../startup/startup_mcxn236.cpp:1385:11:void Reserved166_IRQHandler()	8	static
../startup/startup_mcxn236.cpp:1389:11:void Reserved167_IRQHandler()	8	static
../startup/startup_mcxn236.cpp:1393:11:void WWDT0_IRQHandler()	8	static
../startup/startup_mcxn236.cpp:1397:11:void WWDT1_IRQHandler()	8	static
../startup/startup_mcxn236.cpp:1401:11:void CMC0_IRQHandler()	8	static
