../startup/startup_mcxn947_cm33_core0.cpp:734:14:void NMI_Handler()	0	static
../startup/startup_mcxn947_cm33_core0.cpp:738:14:void HardFault_Handler()	0	static
../startup/startup_mcxn947_cm33_core0.cpp:742:14:void MemManage_Handler()	0	static
../startup/startup_mcxn947_cm33_core0.cpp:746:14:void BusFault_Handler()	0	static
../startup/startup_mcxn947_cm33_core0.cpp:750:14:void UsageFault_Handler()	0	static
../startup/startup_mcxn947_cm33_core0.cpp:754:14:void SecureFault_Handler()	0	static
../startup/startup_mcxn947_cm33_core0.cpp:758:14:void SVC_Handler()	0	static
../startup/startup_mcxn947_cm33_core0.cpp:762:14:void DebugMon_Handler()	0	static
../startup/startup_mcxn947_cm33_core0.cpp:766:14:void PendSV_Handler()	0	static
../startup/startup_mcxn947_cm33_core0.cpp:770:14:void SysTick_Handler()	0	static
../startup/startup_mcxn947_cm33_core0.cpp:614:6:void data_init(unsigned int, unsigned int, unsigned int)	4	static
../startup/startup_mcxn947_cm33_core0.cpp:623:6:void bss_init(unsigned int, unsigned int)	0	static
../startup/startup_mcxn947_cm33_core0.cpp:648:6:void ResetISR()	0	static
../startup/startup_mcxn947_cm33_core0.cpp:778:14:void IntDefaultHandler()	0	static
../startup/startup_mcxn947_cm33_core0.cpp:788:11:void OR_IRQHandler()	8	static
../startup/startup_mcxn947_cm33_core0.cpp:792:11:void EDMA_0_CH0_IRQHandler()	8	static
../startup/startup_mcxn947_cm33_core0.cpp:796:11:void EDMA_0_CH1_IRQHandler()	8	static
../startup/startup_mcxn947_cm33_core0.cpp:800:11:void EDMA_0_CH2_IRQHandler()	8	static
../startup/startup_mcxn947_cm33_core0.cpp:804:11:void EDMA_0_CH3_IRQHandler()	8	static
../startup/startup_mcxn947_cm33_core0.cpp:808:11:void EDMA_0_CH4_IRQHandler()	8	static
../startup/startup_mcxn947_cm33_core0.cpp:812:11:void EDMA_0_CH5_IRQHandler()	8	static
../startup/startup_mcxn947_cm33_core0.cpp:816:11:void EDMA_0_CH6_IRQHandler()	8	static
../startup/startup_mcxn947_cm33_core0.cpp:820:11:void EDMA_0_CH7_IRQHandler()	8	static
../startup/startup_mcxn947_cm33_core0.cpp:824:11:void EDMA_0_CH8_IRQHandler()	8	static
../startup/startup_mcxn947_cm33_core0.cpp:828:11:void EDMA_0_CH9_IRQHandler()	8	static
../startup/startup_mcxn947_cm33_core0.cpp:832:11:void EDMA_0_CH10_IRQHandler()	8	static
../startup/startup_mcxn947_cm33_core0.cpp:836:11:void EDMA_0_CH11_IRQHandler()	8	static
../startup/startup_mcxn947_cm33_core0.cpp:840:11:void EDMA_0_CH12_IRQHandler()	8	static
../startup/startup_mcxn947_cm33_core0.cpp:844:11:void EDMA_0_CH13_IRQHandler()	8	static
../startup/startup_mcxn947_cm33_core0.cpp:848:11:void EDMA_0_CH14_IRQHandler()	8	static
../startup/startup_mcxn947_cm33_core0.cpp:852:11:void EDMA_0_CH15_IRQHandler()	8	static
../startup/startup_mcxn947_cm33_core0.cpp:856:11:void GPIO00_IRQHandler()	8	static
../startup/startup_mcxn947_cm33_core0.cpp:860:11:void GPIO01_IRQHandler()	8	static
../startup/startup_mcxn947_cm33_core0.cpp:864:11:void GPIO10_IRQHandler()	8	static
../startup/startup_mcxn947_cm33_core0.cpp:868:11:void GPIO11_IRQHandler()	8	static
../startup/startup_mcxn947_cm33_core0.cpp:872:11:void GPIO20_IRQHandler()	8	static
../startup/startup_mcxn947_cm33_core0.cpp:876:11:void GPIO21_IRQHandler()	8	static
../startup/startup_mcxn947_cm33_core0.cpp:880:11:void GPIO30_IRQHandler()	8	static
../startup/startup_mcxn947_cm33_core0.cpp:884:11:void GPIO31_IRQHandler()	8	static
../startup/startup_mcxn947_cm33_core0.cpp:888:11:void GPIO40_IRQHandler()	8	static
../startup/startup_mcxn947_cm33_core0.cpp:892:11:void GPIO41_IRQHandler()	8	static
../startup/startup_mcxn947_cm33_core0.cpp:896:11:void GPIO50_IRQHandler()	8	static
../startup/startup_mcxn947_cm33_core0.cpp:900:11:void GPIO51_IRQHandler()	8	static
../startup/startup_mcxn947_cm33_core0.cpp:904:11:void UTICK0_IRQHandler()	8	static
../startup/startup_mcxn947_cm33_core0.cpp:908:11:void MRT0_IRQHandler()	8	static
../startup/startup_mcxn947_cm33_core0.cpp:912:11:void CTIMER0_IRQHandler()	8	static
../startup/startup_mcxn947_cm33_core0.cpp:916:11:void CTIMER1_IRQHandler()	8	static
../startup/startup_mcxn947_cm33_core0.cpp:920:11:void SCT0_IRQHandler()	8	static
../startup/startup_mcxn947_cm33_core0.cpp:924:11:void CTIMER2_IRQHandler()	8	static
../startup/startup_mcxn947_cm33_core0.cpp:928:11:void LP_FLEXCOMM0_IRQHandler()	8	static
../startup/startup_mcxn947_cm33_core0.cpp:932:11:void LP_FLEXCOMM1_IRQHandler()	8	static
../startup/startup_mcxn947_cm33_core0.cpp:936:11:void LP_FLEXCOMM2_IRQHandler()	8	static
../startup/startup_mcxn947_cm33_core0.cpp:940:11:void LP_FLEXCOMM3_IRQHandler()	8	static
../startup/startup_mcxn947_cm33_core0.cpp:944:11:void LP_FLEXCOMM4_IRQHandler()	8	static
../startup/startup_mcxn947_cm33_core0.cpp:948:11:void LP_FLEXCOMM5_IRQHandler()	8	static
../startup/startup_mcxn947_cm33_core0.cpp:952:11:void LP_FLEXCOMM6_IRQHandler()	8	static
../startup/startup_mcxn947_cm33_core0.cpp:956:11:void LP_FLEXCOMM7_IRQHandler()	8	static
../startup/startup_mcxn947_cm33_core0.cpp:960:11:void LP_FLEXCOMM8_IRQHandler()	8	static
../startup/startup_mcxn947_cm33_core0.cpp:964:11:void LP_FLEXCOMM9_IRQHandler()	8	static
../startup/startup_mcxn947_cm33_core0.cpp:968:11:void ADC0_IRQHandler()	8	static
../startup/startup_mcxn947_cm33_core0.cpp:972:11:void ADC1_IRQHandler()	8	static
../startup/startup_mcxn947_cm33_core0.cpp:976:11:void PINT0_IRQHandler()	8	static
../startup/startup_mcxn947_cm33_core0.cpp:980:11:void PDM_EVENT_IRQHandler()	8	static
../startup/startup_mcxn947_cm33_core0.cpp:984:11:void Reserved65_IRQHandler()	8	static
../startup/startup_mcxn947_cm33_core0.cpp:988:11:void USB0_FS_IRQHandler()	8	static
../startup/startup_mcxn947_cm33_core0.cpp:992:11:void USB0_DCD_IRQHandler()	8	static
../startup/startup_mcxn947_cm33_core0.cpp:996:11:void RTC_IRQHandler()	8	static
../startup/startup_mcxn947_cm33_core0.cpp:1000:11:void SMARTDMA_IRQHandler()	8	static
../startup/startup_mcxn947_cm33_core0.cpp:1004:11:void MAILBOX_IRQHandler()	8	static
../startup/startup_mcxn947_cm33_core0.cpp:1008:11:void CTIMER3_IRQHandler()	8	static
../startup/startup_mcxn947_cm33_core0.cpp:1012:11:void CTIMER4_IRQHandler()	8	static
../startup/startup_mcxn947_cm33_core0.cpp:1016:11:void OS_EVENT_IRQHandler()	8	static
../startup/startup_mcxn947_cm33_core0.cpp:1020:11:void FLEXSPI0_IRQHandler()	8	static
../startup/startup_mcxn947_cm33_core0.cpp:1024:11:void SAI0_IRQHandler()	8	static
../startup/startup_mcxn947_cm33_core0.cpp:1028:11:void SAI1_IRQHandler()	8	static
../startup/startup_mcxn947_cm33_core0.cpp:1032:11:void USDHC0_IRQHandler()	8	static
../startup/startup_mcxn947_cm33_core0.cpp:1036:11:void CAN0_IRQHandler()	8	static
../startup/startup_mcxn947_cm33_core0.cpp:1040:11:void CAN1_IRQHandler()	8	static
../startup/startup_mcxn947_cm33_core0.cpp:1044:11:void Reserved80_IRQHandler()	8	static
../startup/startup_mcxn947_cm33_core0.cpp:1048:11:void Reserved81_IRQHandler()	8	static
../startup/startup_mcxn947_cm33_core0.cpp:1052:11:void USB1_HS_PHY_IRQHandler()	8	static
../startup/startup_mcxn947_cm33_core0.cpp:1056:11:void USB1_HS_IRQHandler()	8	static
../startup/startup_mcxn947_cm33_core0.cpp:1060:11:void SEC_HYPERVISOR_CALL_IRQHandler()	8	static
../startup/startup_mcxn947_cm33_core0.cpp:1064:11:void Reserved85_IRQHandler()	8	static
../startup/startup_mcxn947_cm33_core0.cpp:1068:11:void PLU_IRQHandler()	8	static
../startup/startup_mcxn947_cm33_core0.cpp:1072:11:void Freqme_IRQHandler()	8	static
../startup/startup_mcxn947_cm33_core0.cpp:1076:11:void SEC_VIO_IRQHandler()	8	static
../startup/startup_mcxn947_cm33_core0.cpp:1080:11:void ELS_IRQHandler()	8	static
../startup/startup_mcxn947_cm33_core0.cpp:1084:11:void PKC_IRQHandler()	8	static
../startup/startup_mcxn947_cm33_core0.cpp:1088:11:void PUF_IRQHandler()	8	static
../startup/startup_mcxn947_cm33_core0.cpp:1092:11:void PQ_IRQHandler()	8	static
../startup/startup_mcxn947_cm33_core0.cpp:1096:11:void EDMA_1_CH0_IRQHandler()	8	static
../startup/startup_mcxn947_cm33_core0.cpp:1100:11:void EDMA_1_CH1_IRQHandler()	8	static
../startup/startup_mcxn947_cm33_core0.cpp:1104:11:void EDMA_1_CH2_IRQHandler()	8	static
../startup/startup_mcxn947_cm33_core0.cpp:1108:11:void EDMA_1_CH3_IRQHandler()	8	static
../startup/startup_mcxn947_cm33_core0.cpp:1112:11:void EDMA_1_CH4_IRQHandler()	8	static
../startup/startup_mcxn947_cm33_core0.cpp:1116:11:void EDMA_1_CH5_IRQHandler()	8	static
../startup/startup_mcxn947_cm33_core0.cpp:1120:11:void EDMA_1_CH6_IRQHandler()	8	static
../startup/startup_mcxn947_cm33_core0.cpp:1124:11:void EDMA_1_CH7_IRQHandler()	8	static
../startup/startup_mcxn947_cm33_core0.cpp:1128:11:void EDMA_1_CH8_IRQHandler()	8	static
../startup/startup_mcxn947_cm33_core0.cpp:1132:11:void EDMA_1_CH9_IRQHandler()	8	static
../startup/startup_mcxn947_cm33_core0.cpp:1136:11:void EDMA_1_CH10_IRQHandler()	8	static
../startup/startup_mcxn947_cm33_core0.cpp:1140:11:void EDMA_1_CH11_IRQHandler()	8	static
../startup/startup_mcxn947_cm33_core0.cpp:1144:11:void EDMA_1_CH12_IRQHandler()	8	static
../startup/startup_mcxn947_cm33_core0.cpp:1148:11:void EDMA_1_CH13_IRQHandler()	8	static
../startup/startup_mcxn947_cm33_core0.cpp:1152:11:void EDMA_1_CH14_IRQHandler()	8	static
../startup/startup_mcxn947_cm33_core0.cpp:1156:11:void EDMA_1_CH15_IRQHandler()	8	static
../startup/startup_mcxn947_cm33_core0.cpp:1160:11:void CDOG0_IRQHandler()	8	static
../startup/startup_mcxn947_cm33_core0.cpp:1164:11:void CDOG1_IRQHandler()	8	static
../startup/startup_mcxn947_cm33_core0.cpp:1168:11:void I3C0_IRQHandler()	8	static
../startup/startup_mcxn947_cm33_core0.cpp:1172:11:void I3C1_IRQHandler()	8	static
../startup/startup_mcxn947_cm33_core0.cpp:1176:11:void NPU_IRQHandler()	8	static
../startup/startup_mcxn947_cm33_core0.cpp:1180:11:void GDET_IRQHandler()	8	static
../startup/startup_mcxn947_cm33_core0.cpp:1184:11:void VBAT0_IRQHandler()	8	static
../startup/startup_mcxn947_cm33_core0.cpp:1188:11:void EWM0_IRQHandler()	8	static
../startup/startup_mcxn947_cm33_core0.cpp:1192:11:void TSI_END_OF_SCAN_IRQHandler()	8	static
../startup/startup_mcxn947_cm33_core0.cpp:1196:11:void TSI_OUT_OF_SCAN_IRQHandler()	8	static
../startup/startup_mcxn947_cm33_core0.cpp:1200:11:void EMVSIM0_IRQHandler()	8	static
../startup/startup_mcxn947_cm33_core0.cpp:1204:11:void EMVSIM1_IRQHandler()	8	static
../startup/startup_mcxn947_cm33_core0.cpp:1208:11:void FLEXIO_IRQHandler()	8	static
../startup/startup_mcxn947_cm33_core0.cpp:1212:11:void DAC0_IRQHandler()	8	static
../startup/startup_mcxn947_cm33_core0.cpp:1216:11:void DAC1_IRQHandler()	8	static
../startup/startup_mcxn947_cm33_core0.cpp:1220:11:void DAC2_IRQHandler()	8	static
../startup/startup_mcxn947_cm33_core0.cpp:1224:11:void HSCMP0_IRQHandler()	8	static
../startup/startup_mcxn947_cm33_core0.cpp:1228:11:void HSCMP1_IRQHandler()	8	static
../startup/startup_mcxn947_cm33_core0.cpp:1232:11:void HSCMP2_IRQHandler()	8	static
../startup/startup_mcxn947_cm33_core0.cpp:1236:11:void FLEXPWM0_RELOAD_ERROR_IRQHandler()	8	static
../startup/startup_mcxn947_cm33_core0.cpp:1240:11:void FLEXPWM0_FAULT_IRQHandler()	8	static
../startup/startup_mcxn947_cm33_core0.cpp:1244:11:void FLEXPWM0_SUBMODULE0_IRQHandler()	8	static
../startup/startup_mcxn947_cm33_core0.cpp:1248:11:void FLEXPWM0_SUBMODULE1_IRQHandler()	8	static
../startup/startup_mcxn947_cm33_core0.cpp:1252:11:void FLEXPWM0_SUBMODULE2_IRQHandler()	8	static
../startup/startup_mcxn947_cm33_core0.cpp:1256:11:void FLEXPWM0_SUBMODULE3_IRQHandler()	8	static
../startup/startup_mcxn947_cm33_core0.cpp:1260:11:void FLEXPWM1_RELOAD_ERROR_IRQHandler()	8	static
../startup/startup_mcxn947_cm33_core0.cpp:1264:11:void FLEXPWM1_FAULT_IRQHandler()	8	static
../startup/startup_mcxn947_cm33_core0.cpp:1268:11:void FLEXPWM1_SUBMODULE0_IRQHandler()	8	static
../startup/startup_mcxn947_cm33_core0.cpp:1272:11:void FLEXPWM1_SUBMODULE1_IRQHandler()	8	static
../startup/startup_mcxn947_cm33_core0.cpp:1276:11:void FLEXPWM1_SUBMODULE2_IRQHandler()	8	static
../startup/startup_mcxn947_cm33_core0.cpp:1280:11:void FLEXPWM1_SUBMODULE3_IRQHandler()	8	static
../startup/startup_mcxn947_cm33_core0.cpp:1284:11:void QDC0_COMPARE_IRQHandler()	8	static
../startup/startup_mcxn947_cm33_core0.cpp:1288:11:void QDC0_HOME_IRQHandler()	8	static
../startup/startup_mcxn947_cm33_core0.cpp:1292:11:void QDC0_WDG_SAB_IRQHandler()	8	static
../startup/startup_mcxn947_cm33_core0.cpp:1296:11:void QDC0_IDX_IRQHandler()	8	static
../startup/startup_mcxn947_cm33_core0.cpp:1300:11:void QDC1_COMPARE_IRQHandler()	8	static
../startup/startup_mcxn947_cm33_core0.cpp:1304:11:void QDC1_HOME_IRQHandler()	8	static
../startup/startup_mcxn947_cm33_core0.cpp:1308:11:void QDC1_WDG_SAB_IRQHandler()	8	static
../startup/startup_mcxn947_cm33_core0.cpp:1312:11:void QDC1_IDX_IRQHandler()	8	static
../startup/startup_mcxn947_cm33_core0.cpp:1316:11:void ITRC0_IRQHandler()	8	static
../startup/startup_mcxn947_cm33_core0.cpp:1320:11:void BSP32_IRQHandler()	8	static
../startup/startup_mcxn947_cm33_core0.cpp:1324:11:void ELS_ERR_IRQHandler()	8	static
../startup/startup_mcxn947_cm33_core0.cpp:1328:11:void PKC_ERR_IRQHandler()	8	static
../startup/startup_mcxn947_cm33_core0.cpp:1332:11:void ERM_SINGLE_BIT_ERROR_IRQHandler()	8	static
../startup/startup_mcxn947_cm33_core0.cpp:1336:11:void ERM_MULTI_BIT_ERROR_IRQHandler()	8	static
../startup/startup_mcxn947_cm33_core0.cpp:1340:11:void FMU0_IRQHandler()	8	static
../startup/startup_mcxn947_cm33_core0.cpp:1344:11:void ETHERNET_IRQHandler()	8	static
../startup/startup_mcxn947_cm33_core0.cpp:1348:11:void ETHERNET_PMT_IRQHandler()	8	static
../startup/startup_mcxn947_cm33_core0.cpp:1352:11:void ETHERNET_MACLP_IRQHandler()	8	static
../startup/startup_mcxn947_cm33_core0.cpp:1356:11:void SINC_FILTER_IRQHandler()	8	static
../startup/startup_mcxn947_cm33_core0.cpp:1360:11:void LPTMR0_IRQHandler()	8	static
../startup/startup_mcxn947_cm33_core0.cpp:1364:11:void LPTMR1_IRQHandler()	8	static
../startup/startup_mcxn947_cm33_core0.cpp:1368:11:void SCG_IRQHandler()	8	static
../startup/startup_mcxn947_cm33_core0.cpp:1372:11:void SPC_IRQHandler()	8	static
../startup/startup_mcxn947_cm33_core0.cpp:1376:11:void WUU_IRQHandler()	8	static
../startup/startup_mcxn947_cm33_core0.cpp:1380:11:void PORT_EFT_IRQHandler()	8	static
../startup/startup_mcxn947_cm33_core0.cpp:1384:11:void ETB0_IRQHandler()	8	static
../startup/startup_mcxn947_cm33_core0.cpp:1388:11:void Reserved166_IRQHandler()	8	static
../startup/startup_mcxn947_cm33_core0.cpp:1392:11:void Reserved167_IRQHandler()	8	static
../startup/startup_mcxn947_cm33_core0.cpp:1396:11:void WWDT0_IRQHandler()	8	static
../startup/startup_mcxn947_cm33_core0.cpp:1400:11:void WWDT1_IRQHandler()	8	static
../startup/startup_mcxn947_cm33_core0.cpp:1404:11:void CMC0_IRQHandler()	8	static
../startup/startup_mcxn947_cm33_core0.cpp:1408:11:void CTI0_IRQHandler()	8	static
