../source/r01lib/InterruptIn.cpp:52:1:InterruptIn::~InterruptIn()	8	static
../source/r01lib/InterruptIn.cpp:52:1:virtual InterruptIn::~InterruptIn()	8	static
../source/r01lib/InterruptIn.cpp:35:6:void irq_handler(int)	24	static
../source/r01lib/InterruptIn.cpp:47:1:InterruptIn::InterruptIn(uint8_t)	8	static
../source/r01lib/InterruptIn.cpp:64:6:void InterruptIn::regist(func_ptr, gpio_interrupt_config_t)	8	static
../source/r01lib/InterruptIn.cpp:54:6:virtual void InterruptIn::rise(func_ptr)	0	static
../source/r01lib/InterruptIn.cpp:59:6:virtual void InterruptIn::fall(func_ptr)	0	static
