../startup/startup_mcxa156.cpp:533:14:void NMI_Handler()	0	static
../startup/startup_mcxa156.cpp:537:14:void HardFault_Handler()	0	static
../startup/startup_mcxa156.cpp:541:14:void MemManage_Handler()	0	static
../startup/startup_mcxa156.cpp:545:14:void BusFault_Handler()	0	static
../startup/startup_mcxa156.cpp:549:14:void UsageFault_Handler()	0	static
../startup/startup_mcxa156.cpp:553:14:void SecureFault_Handler()	0	static
../startup/startup_mcxa156.cpp:557:14:void SVC_Handler()	0	static
../startup/startup_mcxa156.cpp:561:14:void DebugMon_Handler()	0	static
../startup/startup_mcxa156.cpp:565:14:void PendSV_Handler()	0	static
../startup/startup_mcxa156.cpp:569:14:void SysTick_Handler()	0	static
../startup/startup_mcxa156.cpp:413:6:void data_init(unsigned int, unsigned int, unsigned int)	4	static
../startup/startup_mcxa156.cpp:422:6:void bss_init(unsigned int, unsigned int)	0	static
../startup/startup_mcxa156.cpp:447:6:void ResetISR()	0	static
../startup/startup_mcxa156.cpp:577:14:void IntDefaultHandler()	0	static
../startup/startup_mcxa156.cpp:587:11:void Reserved16_IRQHandler()	8	static
../startup/startup_mcxa156.cpp:591:11:void CMC_IRQHandler()	8	static
../startup/startup_mcxa156.cpp:595:11:void DMA_CH0_IRQHandler()	8	static
../startup/startup_mcxa156.cpp:599:11:void DMA_CH1_IRQHandler()	8	static
../startup/startup_mcxa156.cpp:603:11:void DMA_CH2_IRQHandler()	8	static
../startup/startup_mcxa156.cpp:607:11:void DMA_CH3_IRQHandler()	8	static
../startup/startup_mcxa156.cpp:611:11:void DMA_CH4_IRQHandler()	8	static
../startup/startup_mcxa156.cpp:615:11:void DMA_CH5_IRQHandler()	8	static
../startup/startup_mcxa156.cpp:619:11:void DMA_CH6_IRQHandler()	8	static
../startup/startup_mcxa156.cpp:623:11:void DMA_CH7_IRQHandler()	8	static
../startup/startup_mcxa156.cpp:627:11:void ERM0_SINGLE_BIT_IRQHandler()	8	static
../startup/startup_mcxa156.cpp:631:11:void ERM0_MULTI_BIT_IRQHandler()	8	static
../startup/startup_mcxa156.cpp:635:11:void FMU0_IRQHandler()	8	static
../startup/startup_mcxa156.cpp:639:11:void GLIKEY0_IRQHandler()	8	static
../startup/startup_mcxa156.cpp:643:11:void MBC0_IRQHandler()	8	static
../startup/startup_mcxa156.cpp:647:11:void SCG0_IRQHandler()	8	static
../startup/startup_mcxa156.cpp:651:11:void SPC0_IRQHandler()	8	static
../startup/startup_mcxa156.cpp:655:11:void VBAT0_IRQHandler()	8	static
../startup/startup_mcxa156.cpp:659:11:void WUU0_IRQHandler()	8	static
../startup/startup_mcxa156.cpp:663:11:void CAN0_IRQHandler()	8	static
../startup/startup_mcxa156.cpp:667:11:void Reserved36_IRQHandler()	8	static
../startup/startup_mcxa156.cpp:671:11:void Reserved37_IRQHandler()	8	static
../startup/startup_mcxa156.cpp:675:11:void Reserved38_IRQHandler()	8	static
../startup/startup_mcxa156.cpp:679:11:void FLEXIO_IRQHandler()	8	static
../startup/startup_mcxa156.cpp:683:11:void I3C0_IRQHandler()	8	static
../startup/startup_mcxa156.cpp:687:11:void Reserved41_IRQHandler()	8	static
../startup/startup_mcxa156.cpp:691:11:void LPI2C0_IRQHandler()	8	static
../startup/startup_mcxa156.cpp:695:11:void LPI2C1_IRQHandler()	8	static
../startup/startup_mcxa156.cpp:699:11:void LPSPI0_IRQHandler()	8	static
../startup/startup_mcxa156.cpp:703:11:void LPSPI1_IRQHandler()	8	static
../startup/startup_mcxa156.cpp:707:11:void Reserved46_IRQHandler()	8	static
../startup/startup_mcxa156.cpp:711:11:void LPUART0_IRQHandler()	8	static
../startup/startup_mcxa156.cpp:715:11:void LPUART1_IRQHandler()	8	static
../startup/startup_mcxa156.cpp:719:11:void LPUART2_IRQHandler()	8	static
../startup/startup_mcxa156.cpp:723:11:void LPUART3_IRQHandler()	8	static
../startup/startup_mcxa156.cpp:727:11:void LPUART4_IRQHandler()	8	static
../startup/startup_mcxa156.cpp:731:11:void USB0_IRQHandler()	8	static
../startup/startup_mcxa156.cpp:735:11:void Reserved53_IRQHandler()	8	static
../startup/startup_mcxa156.cpp:739:11:void CDOG0_IRQHandler()	8	static
../startup/startup_mcxa156.cpp:743:11:void CTIMER0_IRQHandler()	8	static
../startup/startup_mcxa156.cpp:747:11:void CTIMER1_IRQHandler()	8	static
../startup/startup_mcxa156.cpp:751:11:void CTIMER2_IRQHandler()	8	static
../startup/startup_mcxa156.cpp:755:11:void CTIMER3_IRQHandler()	8	static
../startup/startup_mcxa156.cpp:759:11:void CTIMER4_IRQHandler()	8	static
../startup/startup_mcxa156.cpp:763:11:void FLEXPWM0_RELOAD_ERROR_IRQHandler()	8	static
../startup/startup_mcxa156.cpp:767:11:void FLEXPWM0_FAULT_IRQHandler()	8	static
../startup/startup_mcxa156.cpp:771:11:void FLEXPWM0_SUBMODULE0_IRQHandler()	8	static
../startup/startup_mcxa156.cpp:775:11:void FLEXPWM0_SUBMODULE1_IRQHandler()	8	static
../startup/startup_mcxa156.cpp:779:11:void FLEXPWM0_SUBMODULE2_IRQHandler()	8	static
../startup/startup_mcxa156.cpp:783:11:void Reserved65_IRQHandler()	8	static
../startup/startup_mcxa156.cpp:787:11:void QDC0_COMPARE_IRQHandler()	8	static
../startup/startup_mcxa156.cpp:791:11:void QDC0_HOME_IRQHandler()	8	static
../startup/startup_mcxa156.cpp:795:11:void QDC0_WATCHDOG_IRQHandler()	8	static
../startup/startup_mcxa156.cpp:799:11:void QDC0_INDEX_IRQHandler()	8	static
../startup/startup_mcxa156.cpp:803:11:void FREQME0_IRQHandler()	8	static
../startup/startup_mcxa156.cpp:807:11:void LPTMR0_IRQHandler()	8	static
../startup/startup_mcxa156.cpp:811:11:void Reserved72_IRQHandler()	8	static
../startup/startup_mcxa156.cpp:815:11:void OS_EVENT_IRQHandler()	8	static
../startup/startup_mcxa156.cpp:819:11:void WAKETIMER0_IRQHandler()	8	static
../startup/startup_mcxa156.cpp:823:11:void UTICK0_IRQHandler()	8	static
../startup/startup_mcxa156.cpp:827:11:void WWDT0_IRQHandler()	8	static
../startup/startup_mcxa156.cpp:831:11:void Reserved77_IRQHandler()	8	static
../startup/startup_mcxa156.cpp:835:11:void ADC0_IRQHandler()	8	static
../startup/startup_mcxa156.cpp:839:11:void ADC1_IRQHandler()	8	static
../startup/startup_mcxa156.cpp:843:11:void CMP0_IRQHandler()	8	static
../startup/startup_mcxa156.cpp:847:11:void CMP1_IRQHandler()	8	static
../startup/startup_mcxa156.cpp:851:11:void Reserved82_IRQHandler()	8	static
../startup/startup_mcxa156.cpp:855:11:void DAC0_IRQHandler()	8	static
../startup/startup_mcxa156.cpp:859:11:void Reserved84_IRQHandler()	8	static
../startup/startup_mcxa156.cpp:863:11:void Reserved85_IRQHandler()	8	static
../startup/startup_mcxa156.cpp:867:11:void Reserved86_IRQHandler()	8	static
../startup/startup_mcxa156.cpp:871:11:void GPIO0_IRQHandler()	8	static
../startup/startup_mcxa156.cpp:875:11:void GPIO1_IRQHandler()	8	static
../startup/startup_mcxa156.cpp:879:11:void GPIO2_IRQHandler()	8	static
../startup/startup_mcxa156.cpp:883:11:void GPIO3_IRQHandler()	8	static
../startup/startup_mcxa156.cpp:887:11:void GPIO4_IRQHandler()	8	static
../startup/startup_mcxa156.cpp:891:11:void Reserved92_IRQHandler()	8	static
../startup/startup_mcxa156.cpp:895:11:void LPI2C2_IRQHandler()	8	static
../startup/startup_mcxa156.cpp:899:11:void LPI2C3_IRQHandler()	8	static
../startup/startup_mcxa156.cpp:903:11:void FLEXPWM1_RELOAD_ERROR_IRQHandler()	8	static
../startup/startup_mcxa156.cpp:907:11:void FLEXPWM1_FAULT_IRQHandler()	8	static
../startup/startup_mcxa156.cpp:911:11:void FLEXPWM1_SUBMODULE0_IRQHandler()	8	static
../startup/startup_mcxa156.cpp:915:11:void FLEXPWM1_SUBMODULE1_IRQHandler()	8	static
../startup/startup_mcxa156.cpp:919:11:void FLEXPWM1_SUBMODULE2_IRQHandler()	8	static
../startup/startup_mcxa156.cpp:923:11:void Reserved100_IRQHandler()	8	static
../startup/startup_mcxa156.cpp:927:11:void QDC1_COMPARE_IRQHandler()	8	static
../startup/startup_mcxa156.cpp:931:11:void QDC1_HOME_IRQHandler()	8	static
../startup/startup_mcxa156.cpp:935:11:void QDC1_WATCHDOG_IRQHandler()	8	static
../startup/startup_mcxa156.cpp:939:11:void QDC1_INDEX_IRQHandler()	8	static
