/Users/tedd/dev/mcuxpresso/pca995x_blinker/_r01lib_frdm_mcxn947/drivers/fsl_clock.h:1394:20:CLOCK_EnableClock	24	static
/Users/tedd/dev/mcuxpresso/pca995x_blinker/_r01lib_frdm_mcxn947/drivers/fsl_port.h:360:20:PORT_SetPinConfig	32	static
/Users/tedd/dev/mcuxpresso/pca995x_blinker/_r01lib_frdm_mcxn947/drivers/fsl_port.h:463:20:PORT_SetPinMux	24	static
../board/pin_mux.c:313:6:BOARD_InitBootPins	8	static
../board/pin_mux.c:455:6:BOARD_InitDEBUG_UARTPins	16	static
../board/pin_mux.c:1517:6:BOARD_InitSWD_DEBUGPins	24	static
../board/pin_mux.c:1614:6:BOARD_InitLEDsPins	32	static
../board/pin_mux.c:1736:6:BOARD_InitBUTTONsPins	24	static
